{
  "status": "success",
  "orderId": "order_001"
}